teacher on scoring half: CE 1.9514 acc 0.4361; unigram 3.1703; 8770 windows

M1  per head (queries t>=1): entropy nats [median / p90], p_max median, retrieval share (p_max>=.9), mixing share (H>=1), gap median, corr(|q|, p_max)
  L0H0: H 0.99/1.46  pmax 0.66  retrieval 0.07  mixing 0.49  gap 1.27 (p10 0.25)  corr(|q|,pmax) +0.10
  L0H1: H 0.60/1.02  pmax 0.82  retrieval 0.35  mixing 0.11  gap 1.87 (p10 0.45)  corr(|q|,pmax) -0.04
  L0H2: H 0.94/1.39  pmax 0.66  retrieval 0.10  mixing 0.45  gap 1.13 (p10 0.17)  corr(|q|,pmax) -0.06
  L0H3: H 1.01/1.57  pmax 0.62  retrieval 0.08  mixing 0.51  gap 1.01 (p10 0.16)  corr(|q|,pmax) +0.26
  L1H0: H 1.06/1.83  pmax 0.61  retrieval 0.12  mixing 0.54  gap 1.06 (p10 0.19)  corr(|q|,pmax) +0.36
  L1H1: H 1.10/1.83  pmax 0.59  retrieval 0.12  mixing 0.58  gap 0.96 (p10 0.15)  corr(|q|,pmax) +0.14
  L1H2: H 1.28/1.90  pmax 0.55  retrieval 0.10  mixing 0.67  gap 0.97 (p10 0.17)  corr(|q|,pmax) +0.33
  L1H3: H 1.27/1.94  pmax 0.56  retrieval 0.10  mixing 0.67  gap 0.98 (p10 0.15)  corr(|q|,pmax) +0.44

M2  within-query variance of each score term, as a share of the total score's variance
  layer 0: tok.tok:0.023  tok.pos:0.339  pos.tok:0.002  pos.pos:0.217  act-quant residual.:0.000
  layer 1: tok.tok:0.000  tok.pos:0.000  tok.ctx:0.014  pos.tok:0.000  pos.pos:0.000  pos.ctx:0.013  ctx.tok:0.009  ctx.pos:0.008  ctx.ctx:0.457  act-quant residual.:0.000
  gain kept when a layer's scores lose term groups (other layer exact)
    layer 0 drop content.content                     CE 2.9834 acc 0.2423 gain kept 0.153
    layer 0 drop pos.pos                             CE 2.1592 acc 0.3855 gain kept 0.829
    layer 0 drop cross (content.pos, pos.content)    CE 2.1474 acc 0.3769 gain kept 0.839
    layer 0 keep pos.pos only                        CE 2.7885 acc 0.2515 gain kept 0.313
    layer 0 keep content.content only                CE 2.7645 acc 0.2369 gain kept 0.333
    layer 1 drop content.content                     CE 2.2907 acc 0.3473 gain kept 0.722
    layer 1 drop pos.pos                             CE 1.9518 acc 0.4359 gain kept 1.000
    layer 1 drop cross (content.pos, pos.content)    CE 1.9603 acc 0.4332 gain kept 0.993
    layer 1 keep pos.pos only                        CE 2.3230 acc 0.3397 gain kept 0.695
    layer 1 keep content.content only                CE 1.9617 acc 0.4327 gain kept 0.992

M3  whitened bilinear form per head: cumulative singular energy at rank 1/2/4/8/16/32
  L0H0: 0.99 1.00 1.00 1.00 1.00 1.00
  L0H1: 0.98 0.99 1.00 1.00 1.00 1.00
  L0H2: 0.99 1.00 1.00 1.00 1.00 1.00
  L0H3: 0.99 1.00 1.00 1.00 1.00 1.00
  L1H0: 0.78 0.93 0.99 1.00 1.00 1.00
  L1H1: 0.58 0.94 0.98 1.00 1.00 1.00
  L1H2: 0.84 0.93 0.97 1.00 1.00 1.00
  L1H3: 0.87 0.97 0.99 1.00 1.00 1.00
  Hamming attention on r spectral sign bits (and rank-r float), one layer replaced:
  layer r  kind    top1 agree  teacher mass on top1 / top2   gain kept
  0   1 bits    0.029        0.031 / 0.086          0.061
  0   2 bits    0.054        0.055 / 0.144          0.091
  0   4 bits    0.110        0.105 / 0.270          0.113
  0   8 bits    0.210        0.193 / 0.360          0.189
  0  16 bits    0.253        0.227 / 0.378          0.200
  0  32 bits    0.269        0.239 / 0.385          0.201
  0   4 float   0.800        0.618 / 0.838          0.804
  0   8 float   0.934        0.669 / 0.864          0.971
  0  32 float   0.995        0.677 / 0.867          1.000
  1   1 bits    0.052        0.058 / 0.138          0.678
  1   2 bits    0.071        0.077 / 0.181          0.670
  1   4 bits    0.111        0.111 / 0.247          0.675
  1   8 bits    0.196        0.179 / 0.322          0.689
  1  16 bits    0.234        0.207 / 0.350          0.693
  1  32 bits    0.239        0.210 / 0.353          0.693
  1   4 float   0.789        0.548 / 0.749          0.917
  1   8 float   0.922        0.594 / 0.786          0.989
  1  32 float   0.995        0.602 / 0.792          1.000

M4  rate-distortion, both layers: set rule, weights, mean |S|, routing bits/query/head, gain kept
  shell    0 softmax  |S| 1.00  bits 4.70  gain 0.672  acc 0.3492
  shell    0 uniform  |S| 1.00  bits 4.70  gain 0.672  acc 0.3492
  shell  0.5 softmax  |S| 1.32  bits 5.85  gain 0.841  acc 0.3939
  shell  0.5 uniform  |S| 1.32  bits 5.85  gain 0.837  acc 0.3929
  shell    1 softmax  |S| 1.71  bits 7.13  gain 0.929  acc 0.4169
  shell    1 uniform  |S| 1.72  bits 7.14  gain 0.892  acc 0.4036
  shell    2 softmax  |S| 2.65  bits 9.84  gain 0.988  acc 0.4335
  shell    2 uniform  |S| 2.64  bits 9.81  gain 0.786  acc 0.3573
  shell    3 softmax  |S| 3.75  bits 12.57  gain 0.998  acc 0.4355
  shell    3 uniform  |S| 3.66  bits 12.35  gain 0.604  acc 0.3011
  shell    4 softmax  |S| 5.00  bits 15.21  gain 1.000  acc 0.4361
  shell    4 uniform  |S| 4.74  bits 14.62  gain 0.433  acc 0.2579
  shell    6 softmax  |S| 7.76  bits 19.60  gain 1.000  acc 0.4360
  shell    6 uniform  |S| 6.95  bits 18.24  gain 0.266  acc 0.2325
  topk     1 softmax  |S| 1.00  bits 4.70  gain 0.672  acc 0.3492
  topk     1 uniform  |S| 1.00  bits 4.70  gain 0.672  acc 0.3492
  topk     2 softmax  |S| 2.00  bits 8.30  gain 0.942  acc 0.4187
  topk     2 uniform  |S| 2.00  bits 8.30  gain 0.575  acc 0.3023
  topk     3 softmax  |S| 2.98  bits 11.25  gain 0.986  acc 0.4322
  topk     3 uniform  |S| 2.98  bits 11.25  gain 0.430  acc 0.2656
  topk     4 softmax  |S| 3.95  bits 13.73  gain 0.995  acc 0.4351
  topk     4 uniform  |S| 3.95  bits 13.73  gain 0.341  acc 0.2498
  topk     6 softmax  |S| 5.84  bits 17.64  gain 0.999  acc 0.4361
  topk     6 uniform  |S| 5.84  bits 17.64  gain 0.265  acc 0.2362
  topk     8 softmax  |S| 7.67  bits 20.51  gain 1.000  acc 0.4361
  topk     8 uniform  |S| 7.67  bits 20.51  gain 0.210  acc 0.2335

M5  value bits (thermometer with b thresholds per dim; b = 1 is the sign)
  v layers (0,)   b=1: CE 2.2540 acc 0.3575 gain kept 0.752
  v layers (0,)   b=2: CE 2.1119 acc 0.3945 gain kept 0.868
  v layers (0,)   b=3: CE 2.0446 acc 0.4099 gain kept 0.924
  v layers (0,)   b=7: CE 1.9820 acc 0.4279 gain kept 0.975
  v layers (1,)   b=1: CE 2.0630 acc 0.4047 gain kept 0.908
  v layers (1,)   b=2: CE 2.0047 acc 0.4213 gain kept 0.956
  v layers (1,)   b=3: CE 1.9838 acc 0.4264 gain kept 0.973
  v layers (1,)   b=7: CE 1.9619 acc 0.4330 gain kept 0.991
  v layers (0, 1) b=1: CE 2.3443 acc 0.3343 gain kept 0.678
  v layers (0, 1) b=2: CE 2.1612 acc 0.3804 gain kept 0.828
  v layers (0, 1) b=3: CE 2.0766 acc 0.4014 gain kept 0.897
  v layers (0, 1) b=7: CE 1.9931 acc 0.4243 gain kept 0.966
  o layers (0,)   b=1: CE 2.3424 acc 0.3387 gain kept 0.679
  o layers (0,)   b=3: CE 2.0858 acc 0.3991 gain kept 0.890
  o layers (0,)   b=7: CE 1.9986 acc 0.4233 gain kept 0.961
  o layers (1,)   b=1: CE 2.0876 acc 0.3987 gain kept 0.888
  o layers (1,)   b=3: CE 2.0184 acc 0.4169 gain kept 0.945
  o layers (1,)   b=7: CE 1.9785 acc 0.4286 gain kept 0.978
  o layers (0, 1) b=1: CE 2.4006 acc 0.3276 gain kept 0.631
  o layers (0, 1) b=2: CE 2.2321 acc 0.3647 gain kept 0.770
  o layers (0, 1) b=3: CE 2.1400 acc 0.3842 gain kept 0.845
  o layers (0, 1) b=7: CE 2.0252 acc 0.4157 gain kept 0.939

done in 2207 s
