
== bitnet_attn.bin: arch attn, 2 sublayers
  float                              CE 1.954176 acc 0.4353 gain 1.0000 argmax==float 1.0000 KL(float||.) 0.00000  (48s)
  nonorm                             CE 1.954176 acc 0.4353 gain 1.0000 argmax==float 1.0000 KL(float||.) 0.00000  (36s)
  +fixres (F=12, E=8)                CE 1.955223 acc 0.4351 gain 0.9991 argmax==float 0.9786 KL(float||.) 0.00092  (40s)
  +fixgain (G=8)                     CE 1.955242 acc 0.4351 gain 0.9991 argmax==float 0.9787 KL(float||.) 0.00092  (39s)
  +minifloat scales (m=4)            CE 1.964885 acc 0.4324 gain 0.9912 argmax==float 0.9420 KL(float||.) 0.00989  (39s)
  +qkv int8                          CE 1.977101 acc 0.4286 gain 0.9811 argmax==float 0.9146 KL(float||.) 0.02121  (54s)
  +head int8                         CE 1.977165 acc 0.4286 gain 0.9811 argmax==float 0.9146 KL(float||.) 0.02122  (54s)
  full integer, absmax by shift      CE 1.977770 acc 0.4285 gain 0.9806 argmax==float 0.9147 KL(float||.) 0.02196  (53s)
  full integer, F=8                  CE 1.980523 acc 0.4273 gain 0.9783 argmax==float 0.9113 KL(float||.) 0.02354  (54s)
  full integer, F=16                 CE 1.977122 acc 0.4287 gain 0.9811 argmax==float 0.9148 KL(float||.) 0.02124  (54s)
  full integer, m=2                  CE 2.238389 acc 0.3636 gain 0.7662 argmax==float 0.6966 KL(float||.) 0.27169  (51s)
  full integer, m=6                  CE 1.956869 acc 0.4348 gain 0.9978 argmax==float 0.9668 KL(float||.) 0.00251  (51s)
  full integer, E=6                  CE 1.987197 acc 0.4259 gain 0.9728 argmax==float 0.8934 KL(float||.) 0.02984  (51s)

== bitnet_mlp.bin: arch mlp, 2 sublayers
  float                              CE 2.459523 acc 0.2865 gain 1.0000 argmax==float 1.0000 KL(float||.) 0.00000  (29s)
  nonorm                             CE 2.459523 acc 0.2865 gain 1.0000 argmax==float 1.0000 KL(float||.) -0.00000  (40s)
  +fixres (F=12, E=8)                CE 2.459530 acc 0.2865 gain 1.0000 argmax==float 0.9999 KL(float||.) 0.00000  (41s)
  +fixgain (G=8)                     CE 2.459528 acc 0.2865 gain 1.0000 argmax==float 0.9999 KL(float||.) 0.00000  (41s)
  +minifloat scales (m=4)            CE 2.459642 acc 0.2865 gain 0.9998 argmax==float 0.9997 KL(float||.) 0.00013  (40s)
  +head int8                         CE 2.459591 acc 0.2865 gain 0.9999 argmax==float 0.9996 KL(float||.) 0.00014  (38s)
  full integer, absmax by shift      CE 2.459608 acc 0.2865 gain 0.9999 argmax==float 0.9996 KL(float||.) 0.00014  (40s)
  full integer, F=8                  CE 2.459618 acc 0.2865 gain 0.9999 argmax==float 0.9997 KL(float||.) 0.00014  (41s)
  full integer, F=16                 CE 2.459609 acc 0.2865 gain 0.9999 argmax==float 0.9996 KL(float||.) 0.00014  (41s)
  full integer, m=2                  CE 2.461102 acc 0.2864 gain 0.9978 argmax==float 0.9993 KL(float||.) 0.00183  (38s)
  full integer, m=6                  CE 2.459494 acc 0.2865 gain 1.0000 argmax==float 0.9996 KL(float||.) 0.00002  (41s)
  full integer, E=6                  CE 2.459681 acc 0.2865 gain 0.9998 argmax==float 0.9994 KL(float||.) 0.00016  (40s)

== bitnet_full.bin: arch full, 4 sublayers
  float                              CE 1.710312 acc 0.5005 gain 1.0000 argmax==float 1.0000 KL(float||.) 0.00000  (57s)
  nonorm                             CE 1.710312 acc 0.5005 gain 1.0000 argmax==float 1.0000 KL(float||.) -0.00000  (84s)
  +fixres (F=12, E=8)                CE 1.710776 acc 0.5004 gain 0.9997 argmax==float 0.9804 KL(float||.) 0.00123  (78s)
  +fixgain (G=8)                     CE 1.710799 acc 0.5003 gain 0.9997 argmax==float 0.9806 KL(float||.) 0.00122  (77s)
  +minifloat scales (m=4)            CE 1.727082 acc 0.4954 gain 0.9885 argmax==float 0.9423 KL(float||.) 0.01599  (81s)
  +qkv int8                          CE 1.736310 acc 0.4927 gain 0.9822 argmax==float 0.9301 KL(float||.) 0.02445  (83s)
  +head int8                         CE 1.736343 acc 0.4926 gain 0.9822 argmax==float 0.9299 KL(float||.) 0.02446  (82s)
  full integer, absmax by shift      CE 1.729134 acc 0.4947 gain 0.9871 argmax==float 0.9386 KL(float||.) 0.01737  (76s)
  full integer, F=8                  CE 1.736227 acc 0.4925 gain 0.9822 argmax==float 0.9294 KL(float||.) 0.02394  (89s)
  full integer, F=16                 CE 1.736710 acc 0.4926 gain 0.9819 argmax==float 0.9298 KL(float||.) 0.02450  (86s)
  full integer, m=2                  CE 2.048265 acc 0.4149 gain 0.7684 argmax==float 0.7278 KL(float||.) 0.31478  (93s)
  full integer, m=6                  CE 1.712456 acc 0.4997 gain 0.9985 argmax==float 0.9729 KL(float||.) 0.00254  (79s)
  full integer, E=6                  CE 1.764473 acc 0.4845 gain 0.9629 argmax==float 0.9000 KL(float||.) 0.04974  (85s)
