JEVPOD [14:56:42] started (469b77d Laya's own benchmark (LocalLLaMA/typed-decisions): majority, bag of words, bert-tiny soft-CE, LogicAE one-vs-rest); 16 vCPU, 14G disk free
JEVPOD [14:58:00] python deps ok
JEVPOD [14:58:00] pt.ltc sha256 ok
JEVPOD [14:58:00] serving /root/jev_exports on :8888 (token set)
JEVPOD [14:58:00] threads 16, Python 3.8.10, gcc (Ubuntu 9.4.0-1ubuntu1~20.04.2) 9.4.0
JEV [14:58:00] typed-decisions: arms ['majority', 'bow', 'berttiny', 'lae_gm', 'lae'], LogicAE 400 steps/model --vocab-size 30522 --code-bits 128 --width 512 --blocks 8 --kernel 5 --cycle 4, seq 256, soft-label copies 8, threads 16
JEV [14:58:04] build: {"check":"truth_tables,packed_scalar,odd_padding,partial_packs,checkpoint_roundtrip","passed":true}
JEV [14:58:08] data: 20 questions, 5400 train / 600 calib / 2000 test decisions
JEV [14:58:08] majority: start
JEV [14:58:08] majority: 1/20 agent_trace_observability/action (0.0 min)
JEV [14:58:08] majority: 2/20 agent_trace_observability/needs_review (0.0 min)
JEV [14:58:08] majority: 3/20 agent_trace_observability/outcome (0.0 min)
JEV [14:58:08] majority: 4/20 agent_trace_observability/risk (0.0 min)
JEV [14:58:08] majority: 5/20 agent_trace_observability/urgency (0.0 min)
JEV [14:58:08] majority: 6/20 customer_service/action (0.0 min)
JEV [14:58:08] majority: 7/20 customer_service/category (0.0 min)
JEV [14:58:08] majority: 8/20 customer_service/churn_risk (0.0 min)
JEV [14:58:08] majority: 9/20 customer_service/needs_human (0.0 min)
JEV [14:58:08] majority: 10/20 customer_service/urgency (0.0 min)
JEV [14:58:08] majority: 11/20 invoice_processing/discrepancy_severity (0.0 min)
JEV [14:58:08] majority: 12/20 invoice_processing/disposition (0.0 min)
JEV [14:58:08] majority: 13/20 invoice_processing/duplicate (0.0 min)
JEV [14:58:08] majority: 14/20 invoice_processing/matches_order (0.0 min)
JEV [14:58:08] majority: 15/20 invoice_processing/urgency (0.0 min)
JEV [14:58:08] majority: 16/20 security_incidents/credential_compromise (0.0 min)
JEV [14:58:08] majority: 17/20 security_incidents/disposition (0.0 min)
JEV [14:58:08] majority: 18/20 security_incidents/severity (0.0 min)
JEV [14:58:08] majority: 19/20 security_incidents/true_positive (0.0 min)
JEV [14:58:08] majority: 20/20 security_incidents/urgency (0.0 min)
JEV [14:58:08] RESULT {"arm": "majority", "decisions": 2000, "accuracy": 0.4835, "soft_acc": 0.392, "brier": 0.2011, "ece": 0.0534, "score_mae": 0.5733, "minutes": 0.0}
JEV [14:58:08] bow: start
JEV [14:58:23] bow: 1/20 agent_trace_observability/action (0.2 min)
JEV [14:58:27] bow: 2/20 agent_trace_observability/needs_review (0.3 min)
JEV [14:58:40] bow: 3/20 agent_trace_observability/outcome (0.5 min)
JEV [14:58:54] bow: 4/20 agent_trace_observability/risk (0.8 min)
JEV [14:59:08] bow: 5/20 agent_trace_observability/urgency (1.0 min)
JEV [14:59:19] bow: 6/20 customer_service/action (1.2 min)
JEV [14:59:23] bow: 7/20 customer_service/category (1.3 min)
JEV [14:59:27] bow: 8/20 customer_service/churn_risk (1.3 min)
JEV [14:59:29] bow: 9/20 customer_service/needs_human (1.4 min)
JEV [14:59:38] bow: 10/20 customer_service/urgency (1.5 min)
JEV [14:59:56] bow: 11/20 invoice_processing/discrepancy_severity (1.8 min)
JEV [15:00:16] bow: 12/20 invoice_processing/disposition (2.1 min)
JEV [15:00:19] bow: 13/20 invoice_processing/duplicate (2.2 min)
JEV [15:00:23] bow: 14/20 invoice_processing/matches_order (2.2 min)
JEV [15:00:30] bow: 15/20 invoice_processing/urgency (2.4 min)
JEV [15:00:31] bow: 16/20 security_incidents/credential_compromise (2.4 min)
JEV [15:00:38] bow: 17/20 security_incidents/disposition (2.5 min)
JEV [15:00:46] bow: 18/20 security_incidents/severity (2.6 min)
JEV [15:00:46] bow: 19/20 security_incidents/true_positive (2.6 min)
JEV [15:00:51] bow: 20/20 security_incidents/urgency (2.7 min)
JEV [15:00:51] RESULT {"arm": "bow", "decisions": 2000, "accuracy": 0.6815, "soft_acc": 0.5066, "brier": 0.1811, "ece": 0.0574, "score_mae": 0.3798, "minutes": 2.7}
JEV [15:00:51] berttiny: start
JEV [15:01:12] berttiny: 1/20 agent_trace_observability/action (0.3 min)
JEV [15:01:25] berttiny: 2/20 agent_trace_observability/needs_review (0.6 min)
JEV [15:01:41] berttiny: 3/20 agent_trace_observability/outcome (0.8 min)
JEV [15:01:55] berttiny: 4/20 agent_trace_observability/risk (1.1 min)
JEV [15:02:10] berttiny: 5/20 agent_trace_observability/urgency (1.3 min)
JEV [15:02:36] berttiny: 6/20 customer_service/action (1.7 min)
JEV [15:02:59] berttiny: 7/20 customer_service/category (2.1 min)
JEV [15:03:24] berttiny: 8/20 customer_service/churn_risk (2.5 min)
JEV [15:03:46] berttiny: 9/20 customer_service/needs_human (2.9 min)
JEV [15:04:09] berttiny: 10/20 customer_service/urgency (3.3 min)
JEV [15:04:32] berttiny: 11/20 invoice_processing/discrepancy_severity (3.7 min)
JEV [15:04:58] berttiny: 12/20 invoice_processing/disposition (4.1 min)
JEV [15:05:23] berttiny: 13/20 invoice_processing/duplicate (4.5 min)
JEV [15:05:49] berttiny: 14/20 invoice_processing/matches_order (5.0 min)
JEV [15:06:18] berttiny: 15/20 invoice_processing/urgency (5.4 min)
JEV [15:06:40] berttiny: 16/20 security_incidents/credential_compromise (5.8 min)
JEV [15:07:04] berttiny: 17/20 security_incidents/disposition (6.2 min)
JEV [15:07:26] berttiny: 18/20 security_incidents/severity (6.6 min)
JEV [15:07:49] berttiny: 19/20 security_incidents/true_positive (7.0 min)
JEV [15:08:13] berttiny: 20/20 security_incidents/urgency (7.4 min)
JEV [15:08:14] RESULT {"arm": "berttiny", "decisions": 2000, "accuracy": 0.661, "soft_acc": 0.4982, "brier": 0.1598, "ece": 0.0447, "score_mae": 0.4113, "minutes": 7.4}
JEV [15:08:14] lae_gm: start
JEV [15:18:11] lae_gm: 1/20 agent_trace_observability/action (10.0 min)
JEV [15:20:44] lae_gm: 2/20 agent_trace_observability/needs_review (12.5 min)
JEV [15:31:04] lae_gm: 3/20 agent_trace_observability/outcome (22.8 min)
JEV [15:41:30] lae_gm: 4/20 agent_trace_observability/risk (33.3 min)
JEV [15:51:45] lae_gm: 5/20 agent_trace_observability/urgency (43.5 min)
JEV [16:05:08] lae_gm: 6/20 customer_service/action (56.9 min)
JEV [16:18:48] lae_gm: 7/20 customer_service/category (70.6 min)
JEV [16:29:42] lae_gm: 8/20 customer_service/churn_risk (81.5 min)
JEV [16:32:24] lae_gm: 9/20 customer_service/needs_human (84.2 min)
