JEVPOD [21:30:42] started (8a69959 jev.sh: document a plain shallow clone (old git on the pod rejects --sparse)); 16 vCPU, 14G disk free
JEVPOD [21:31:23] python deps ok
JEVPOD [21:31:23] pt.ltc sha256 ok
JEVPOD [21:31:23] serving /root/jev_exports on :8888 (token set)
JEVPOD [21:31:23] threads 16, Python 3.8.10, gcc (Ubuntu 9.4.0-1ubuntu1~20.04.2) 9.4.0
JEV [21:31:23] start: tasks ['emotion', 'agnews', 'sst5', 'sst2', 'jailbreak'], arms ['bert_pair', 'bert_head', 'lae_pt_keep', 'lae_pt', 'lae_scratch'], LogicAE 2000 steps, threads 16
JEV [21:31:25] build: {"check":"truth_tables,packed_scalar,odd_padding,partial_packs,checkpoint_roundtrip","passed":true}
JEV [21:31:28] emotion: choice K=6 train 15000 dev 1000 test 2000 seq 48
JEV [21:31:28] emotion bert_pair: start
JEV [21:33:46] RESULT {"task": "emotion", "type": "choice", "K": 6, "arm": "bert_pair", "seq": 48, "test": {"n": 2000, "acc": 0.896, "ece": 0.0225, "nll": 0.2523, "brier": 0.138, "acc_at_50cov": 0.993, "temperature": 2.0833}, "dev_acc": 0.893, "info": {"epoch": 3, "epochs": 3, "train_minutes": 2.2, "latency_ms_1thread": 1.441}}
JEV [21:33:46] emotion bert_head: start
JEV [21:34:22] RESULT {"task": "emotion", "type": "choice", "K": 6, "arm": "bert_head", "seq": 48, "test": {"n": 2000, "acc": 0.8915, "ece": 0.0306, "nll": 0.2617, "brier": 0.1411, "acc_at_50cov": 0.996, "temperature": 1.1772}, "dev_acc": 0.893, "info": {"epoch": 2, "epochs": 3, "train_minutes": 0.6}}
JEV [21:34:22] emotion lae_pt_keep: start
JEVPOD [21:50:30] started (8a69959 jev.sh: document a plain shallow clone (old git on the pod rejects --sparse)); 16 vCPU, 13G disk free
JEVPOD [21:50:37] python deps ok
JEVPOD [21:50:37] pt.ltc sha256 ok
JEVPOD [21:50:37] serving /root/jev_exports on :8888 (token set)
JEVPOD [21:50:37] threads 16, Python 3.8.10, gcc (Ubuntu 9.4.0-1ubuntu1~20.04.2) 9.4.0
JEV [21:50:37] start: tasks ['emotion', 'agnews', 'sst5', 'sst2', 'jailbreak'], arms ['bert_pair', 'bert_head', 'lae_pt_keep', 'lae_pt', 'lae_scratch'], LogicAE 2000 steps, threads 16
JEV [21:50:37] emotion: choice K=6 train 15000 dev 1000 test 2000 seq 48
JEV [21:50:37] emotion lae_pt_keep: start
JEV [22:39:09] RESULT {"task": "emotion", "type": "choice", "K": 6, "arm": "lae_pt_keep", "seq": 48, "test": {"n": 2000, "acc": 0.341, "ece": 0.0293, "nll": 1.5834, "brier": 0.7616, "acc_at_50cov": 0.345, "temperature": 59.8526}, "dev_acc": 0.318, "info": {"train_minutes": 63.6, "model": "lae_pt_keep.lth.best", "dev_curve": [[250, 0.501], [500, 0.502], [750, 0.514], [1000, 0.5815], [1250, 0.5745], [1500, 0.595], [1750, 0.6045], [2000, 0.601]], "notes": ["keep-temperature: 0.2000 (checkpoint) instead of the 1.0 -> 0.2 anneal"], "latency_ms_1thread": 19.417}}
JEV [22:39:09] emotion lae_pt: start
JEV [22:56:09] RESULT {"task": "emotion", "type": "choice", "K": 6, "arm": "lae_pt_keep", "seq": 48, "test": {"n": 2000, "acc": 0.34, "ece": 0.0371, "nll": 1.5819, "brier": 0.7615, "acc_at_50cov": 0.336, "temperature": 59.8526}, "dev_acc": 0.318, "info": {"train_minutes": 64.4, "model": "lae_pt_keep.lth.best", "dev_curve": [[250, 0.501], [500, 0.502], [750, 0.514], [1000, 0.5815], [1250, 0.5745], [1500, 0.595], [1750, 0.6045], [2000, 0.601]], "notes": ["keep-temperature: 0.2000 (checkpoint) instead of the 1.0 -> 0.2 anneal"], "latency_ms_1thread": 21.151}}
JEV [22:56:09] emotion lae_pt: start
JEV [23:46:23] RESULT {"task": "emotion", "type": "choice", "K": 6, "arm": "lae_pt", "seq": 48, "test": {"n": 2000, "acc": 0.2905, "ece": 0.0208, "nll": 1.5819, "brier": 0.7616, "acc_at_50cov": 0.287, "temperature": 55.965}, "dev_acc": 0.316, "info": {"train_minutes": 66.1, "model": "lae_pt.lth.best", "dev_curve": [[250, 0.5005], [500, 0.499], [750, 0.5045], [1000, 0.5355], [1250, 0.542], [1500, 0.5425], [1750, 0.563], [2000, 0.5615]], "notes": [], "latency_ms_1thread": 21.612}}
JEV [23:46:23] emotion lae_scratch: start
JEV [00:04:40] RESULT {"task": "emotion", "type": "choice", "K": 6, "arm": "lae_pt", "seq": 48, "test": {"n": 2000, "acc": 0.2905, "ece": 0.0207, "nll": 1.5814, "brier": 0.7611, "acc_at_50cov": 0.284, "temperature": 57.8762}, "dev_acc": 0.316, "info": {"train_minutes": 67.3, "model": "lae_pt.lth.best", "dev_curve": [[250, 0.5005], [500, 0.499], [750, 0.5045], [1000, 0.5355], [1250, 0.542], [1500, 0.5425], [1750, 0.563], [2000, 0.5615]], "notes": [], "latency_ms_1thread": 21.451}}
JEV [00:04:40] emotion lae_scratch: start
JEV [01:01:57] RESULT {"task": "emotion", "type": "choice", "K": 6, "arm": "lae_scratch", "seq": 48, "test": {"n": 2000, "acc": 0.2905, "ece": 0.0248, "nll": 1.5637, "brier": 0.7559, "acc_at_50cov": 0.308, "temperature": 299.9738}, "dev_acc": 0.316, "info": {"train_minutes": 74.3, "model": "lae_scratch.lth.best", "dev_curve": [[250, 0.6635], [500, 0.642], [750, 0.6655], [1000, 0.668], [1250, 0.6595], [1500, 0.662], [1750, 0.6665], [2000, 0.668]], "notes": [], "latency_ms_1thread": 29.405}}
JEV [01:02:02] agnews: choice K=4 train 20000 dev 1000 test 2000 seq 64
JEV [01:02:02] agnews bert_pair: start
JEV [01:17:03] RESULT {"task": "emotion", "type": "choice", "K": 6, "arm": "lae_scratch", "seq": 48, "test": {"n": 2000, "acc": 0.2905, "ece": 0.0248, "nll": 1.5637, "brier": 0.7559, "acc_at_50cov": 0.308, "temperature": 299.9738}, "dev_acc": 0.316, "info": {"train_minutes": 71.2, "model": "lae_scratch.lth.best", "dev_curve": [[250, 0.6635], [500, 0.642], [750, 0.6655], [1000, 0.668], [1250, 0.6595], [1500, 0.662], [1750, 0.6665], [2000, 0.668]], "notes": [], "latency_ms_1thread": 19.773}}
JEV [01:17:03] agnews: choice K=4 train 20000 dev 1000 test 2000 seq 64
JEV [01:17:03] agnews bert_pair: start
JEVPOD [01:59:59] jevft.py exited non-zero: JEV [01:01:57] RESULT {"task": "emotion", "type": "choice", "K": 6, "arm": "lae_scratch", "seq": 48, "test": {"n": 2000, "acc": 0.2905, "ece": 0.0248, "nll": 1.5637, "brier": 0.7559, "acc_at_50cov": 0.308, "temperature": 299.9738}, "dev_acc": 0.316, "info": {"train_minutes": 74.3, "model": "lae_scratch.lth.best", "dev_curve": [[250, 0.6635], [500, 0.642], [750, 0.6655], [1000, 0.668], [1250, 0.6595], [1500, 0.662], [1750, 0.6665], [2000, 0.668]], "notes": [], "latency_ms_1thread": 29.405}} JEV [01:02:02] agnews: choice K=4 train 20000 dev 1000 test 2000 seq 64 JEV [01:02:02] agnews bert_pair: start 
JEVPOD [01:59:59] all done
JEVPOD [01:59:59] jevft.py exited non-zero: JEV [01:01:57] RESULT {"task": "emotion", "type": "choice", "K": 6, "arm": "lae_scratch", "seq": 48, "test": {"n": 2000, "acc": 0.2905, "ece": 0.0248, "nll": 1.5637, "brier": 0.7559, "acc_at_50cov": 0.308, "temperature": 299.9738}, "dev_acc": 0.316, "info": {"train_minutes": 74.3, "model": "lae_scratch.lth.best", "dev_curve": [[250, 0.6635], [500, 0.642], [750, 0.6655], [1000, 0.668], [1250, 0.6595], [1500, 0.662], [1750, 0.6665], [2000, 0.668]], "notes": [], "latency_ms_1thread": 29.405}} JEV [01:02:02] agnews: choice K=4 train 20000 dev 1000 test 2000 seq 64 JEV [01:02:02] agnews bert_pair: start 
JEVPOD [01:59:59] all done
JEVPOD [02:00:20] started (411b8d3 Jev: one-vs-rest LogicAE arms (one yes/no model per option), fastlae latency); 16 vCPU, 13G disk free
JEVPOD [02:00:24] python deps ok
JEVPOD [02:00:24] pt.ltc sha256 ok
JEVPOD [02:00:24] serving /root/jev_exports on :8888 (token set)
JEVPOD [02:00:24] threads 16, Python 3.8.10, gcc (Ubuntu 9.4.0-1ubuntu1~20.04.2) 9.4.0
JEV [02:00:24] start: tasks ['emotion', 'agnews', 'sst5', 'sst2', 'jailbreak'], arms ['bert_pair', 'bert_head', 'lae_ovr_pt_keep', 'lae_ovr_scratch'], LogicAE 2000 steps, threads 16
JEV [02:00:26] build: {"check":"truth_tables,packed_scalar,odd_padding,partial_packs,checkpoint_roundtrip","passed":true}
JEV [02:00:26] emotion: choice K=6 train 15000 dev 1000 test 2000 seq 48
JEV [02:00:26] emotion lae_ovr_pt_keep: start
JEV [02:02:38] emotion lae_ovr_pt_keep: model lae_ovr_pt_keep_0 done (2.2 min so far; val acc [(1000, 0.398)])
JEV [02:04:50] emotion lae_ovr_pt_keep: model lae_ovr_pt_keep_1 done (4.4 min so far; val acc [(1000, 0.331)])
JEV [02:07:02] emotion lae_ovr_pt_keep: model lae_ovr_pt_keep_2 done (6.6 min so far; val acc [(1000, 0.263)])
JEV [02:09:14] emotion lae_ovr_pt_keep: model lae_ovr_pt_keep_3 done (8.8 min so far; val acc [(1000, 0.161)])
JEV [02:11:24] emotion lae_ovr_pt_keep: model lae_ovr_pt_keep_4 done (11.0 min so far; val acc [(1000, 0.856)])
JEV [02:13:37] emotion lae_ovr_pt_keep: model lae_ovr_pt_keep_5 done (13.2 min so far; val acc [(1000, 0.674)])
JEV [02:13:37] RESULT {"task": "emotion", "type": "choice", "K": 6, "arm": "lae_ovr_pt_keep", "seq": 48, "test": {"n": 2000, "acc": 0.5145, "ece": 0.1541, "nll": 1.4623, "brier": 0.697, "acc_at_50cov": 0.547, "temperature": 48.9309}, "dev_acc": 0.515, "info": {"train_minutes": 13.2, "models": 6, "steps_per_model": 1000, "val_acc_last": [[[1000, 0.398]], [[1000, 0.331]], [[1000, 0.263]], [[1000, 0.161]], [[1000, 0.856]], [[1000, 0.674]]], "latency_ms_1thread_fastlae": 3.4883, "latency_note": "fastlae interpreter, 1 text, all K models; fastgen (compiled) is ~12x faster"}}
JEV [02:13:37] emotion lae_ovr_scratch: start
JEV [02:15:48] emotion lae_ovr_scratch: model lae_ovr_scratch_0 done (2.2 min so far; val acc [(1000, 0.838)])
JEV [02:17:58] emotion lae_ovr_scratch: model lae_ovr_scratch_1 done (4.3 min so far; val acc [(1000, 0.818)])
JEV [02:20:08] emotion lae_ovr_scratch: model lae_ovr_scratch_2 done (6.5 min so far; val acc [(1000, 0.863)])
JEV [02:22:19] emotion lae_ovr_scratch: model lae_ovr_scratch_3 done (8.7 min so far; val acc [(1000, 0.879)])
JEV [02:24:30] emotion lae_ovr_scratch: model lae_ovr_scratch_4 done (10.9 min so far; val acc [(1000, 0.845)])
JEV [02:26:57] emotion lae_ovr_scratch: model lae_ovr_scratch_5 done (13.3 min so far; val acc [(1000, 0.923)])
JEV [02:26:57] RESULT {"task": "emotion", "type": "choice", "K": 6, "arm": "lae_ovr_scratch", "seq": 48, "test": {"n": 2000, "acc": 0.659, "ece": 0.0664, "nll": 1.0305, "brier": 0.4972, "acc_at_50cov": 0.78, "temperature": 175.2871}, "dev_acc": 0.66, "info": {"train_minutes": 13.3, "models": 6, "steps_per_model": 1000, "val_acc_last": [[[1000, 0.838]], [[1000, 0.818]], [[1000, 0.863]], [[1000, 0.879]], [[1000, 0.845]], [[1000, 0.923]]], "latency_ms_1thread_fastlae": 3.5585, "latency_note": "fastlae interpreter, 1 text, all K models; fastgen (compiled) is ~12x faster"}}
JEV [02:26:57] agnews: choice K=4 train 20000 dev 1000 test 2000 seq 64
JEV [02:26:57] agnews bert_pair: start
JEV [02:29:54] RESULT {"task": "agnews", "type": "choice", "K": 4, "arm": "bert_pair", "seq": 64, "test": {"n": 2000, "acc": 0.89, "ece": 0.0222, "nll": 0.3082, "brier": 0.1584, "acc_at_50cov": 0.982, "temperature": 2.1544}, "dev_acc": 0.887, "info": {"epoch": 1, "epochs": 3, "train_minutes": 2.9, "latency_ms_1thread": 1.906}}
JEV [02:29:54] agnews bert_head: start
JEV [02:31:14] RESULT {"task": "agnews", "type": "choice", "K": 4, "arm": "bert_head", "seq": 64, "test": {"n": 2000, "acc": 0.9055, "ece": 0.0227, "nll": 0.2767, "brier": 0.1465, "acc_at_50cov": 0.99, "temperature": 1.3464}, "dev_acc": 0.917, "info": {"epoch": 2, "epochs": 3, "train_minutes": 1.3}}
JEV [02:31:14] agnews lae_ovr_pt_keep: start
JEV [02:34:34] agnews lae_ovr_pt_keep: model lae_ovr_pt_keep_0 done (3.3 min so far; val acc [(1000, 0.893)])
JEV [02:37:53] agnews lae_ovr_pt_keep: model lae_ovr_pt_keep_1 done (6.6 min so far; val acc [(1000, 0.838)])
JEV [02:41:10] agnews lae_ovr_pt_keep: model lae_ovr_pt_keep_2 done (9.9 min so far; val acc [(1000, 0.868)])
JEV [02:44:11] agnews lae_ovr_pt_keep: model lae_ovr_pt_keep_3 done (12.9 min so far; val acc [(1000, 0.782)])
JEV [02:44:11] RESULT {"task": "agnews", "type": "choice", "K": 4, "arm": "lae_ovr_pt_keep", "seq": 64, "test": {"n": 2000, "acc": 0.8205, "ece": 0.0223, "nll": 0.5045, "brier": 0.2593, "acc_at_50cov": 0.964, "temperature": 200.4857}, "dev_acc": 0.846, "info": {"train_minutes": 12.9, "models": 4, "steps_per_model": 1000, "val_acc_last": [[[1000, 0.893]], [[1000, 0.838]], [[1000, 0.868]], [[1000, 0.782]]], "latency_ms_1thread_fastlae": 2.5898, "latency_note": "fastlae interpreter, 1 text, all K models; fastgen (compiled) is ~12x faster"}}
JEV [02:44:11] agnews lae_ovr_scratch: start
JEV [02:47:02] agnews lae_ovr_scratch: model lae_ovr_scratch_0 done (2.8 min so far; val acc [(1000, 0.949)])
JEV [02:49:51] agnews lae_ovr_scratch: model lae_ovr_scratch_1 done (5.7 min so far; val acc [(1000, 0.975)])
JEV [02:52:39] agnews lae_ovr_scratch: model lae_ovr_scratch_2 done (8.5 min so far; val acc [(1000, 0.906)])
JEV [02:55:26] agnews lae_ovr_scratch: model lae_ovr_scratch_3 done (11.3 min so far; val acc [(1000, 0.906)])
JEV [02:55:26] RESULT {"task": "agnews", "type": "choice", "K": 4, "arm": "lae_ovr_scratch", "seq": 64, "test": {"n": 2000, "acc": 0.8825, "ece": 0.0239, "nll": 0.3646, "brier": 0.1826, "acc_at_50cov": 0.977, "temperature": 549.0139}, "dev_acc": 0.89, "info": {"train_minutes": 11.3, "models": 4, "steps_per_model": 1000, "val_acc_last": [[[1000, 0.949]], [[1000, 0.975]], [[1000, 0.906]], [[1000, 0.906]]], "latency_ms_1thread_fastlae": 2.3153, "latency_note": "fastlae interpreter, 1 text, all K models; fastgen (compiled) is ~12x faster"}}
JEV [02:55:28] sst5: score K=5 train 7544 dev 1000 test 2000 seq 48
JEV [02:55:28] sst5 bert_pair: start
JEV [02:56:20] RESULT {"task": "sst5", "type": "score", "K": 5, "arm": "bert_pair", "seq": 48, "test": {"n": 2000, "acc": 0.2305, "ece": 0.06, "nll": 1.5601, "brier": 0.7823, "acc_at_50cov": 0.221, "temperature": 0.8414, "mae": 1.1338}, "dev_acc": 0.279, "info": {"epoch": 2, "epochs": 3, "train_minutes": 0.8, "latency_ms_1thread": 1.138}}
JEV [02:56:20] sst5 bert_head: start
JEV [02:56:44] RESULT {"task": "sst5", "type": "score", "K": 5, "arm": "bert_head", "seq": 48, "test": {"n": 2000, "acc": 0.4295, "ece": 0.0354, "nll": 1.276, "brier": 0.6745, "acc_at_50cov": 0.501, "temperature": 1.3924, "mae": 0.7707}, "dev_acc": 0.42, "info": {"epoch": 2, "epochs": 3, "train_minutes": 0.4}}
JEV [02:56:44] sst5 lae_ovr_pt_keep: start
JEV [02:58:54] sst5 lae_ovr_pt_keep: model lae_ovr_pt_keep_0 done (2.2 min so far; val acc [(1000, 0.482)])
JEV [03:01:03] sst5 lae_ovr_pt_keep: model lae_ovr_pt_keep_1 done (4.3 min so far; val acc [(1000, 0.313)])
JEV [03:03:13] sst5 lae_ovr_pt_keep: model lae_ovr_pt_keep_2 done (6.5 min so far; val acc [(1000, 0.238)])
JEV [03:05:23] sst5 lae_ovr_pt_keep: model lae_ovr_pt_keep_3 done (8.7 min so far; val acc [(1000, 0.308)])
JEV [03:07:33] sst5 lae_ovr_pt_keep: model lae_ovr_pt_keep_4 done (10.8 min so far; val acc [(1000, 0.636)])
JEV [03:07:33] RESULT {"task": "sst5", "type": "score", "K": 5, "arm": "lae_ovr_pt_keep", "seq": 48, "test": {"n": 2000, "acc": 0.364, "ece": 0.0595, "nll": 1.4732, "brier": 0.7459, "acc_at_50cov": 0.398, "temperature": 80.9717, "mae": 1.0153}, "dev_acc": 0.354, "info": {"train_minutes": 10.8, "models": 5, "steps_per_model": 1000, "val_acc_last": [[[1000, 0.482]], [[1000, 0.313]], [[1000, 0.238]], [[1000, 0.308]], [[1000, 0.636]]], "latency_ms_1thread_fastlae": 2.8879, "latency_note": "fastlae interpreter, 1 text, all K models; fastgen (compiled) is ~12x faster"}}
JEV [03:07:33] sst5 lae_ovr_scratch: start
JEV [03:09:43] sst5 lae_ovr_scratch: model lae_ovr_scratch_0 done (2.2 min so far; val acc [(1000, 0.783)])
JEV [03:11:52] sst5 lae_ovr_scratch: model lae_ovr_scratch_1 done (4.3 min so far; val acc [(1000, 0.656)])
JEV [03:14:01] sst5 lae_ovr_scratch: model lae_ovr_scratch_2 done (6.5 min so far; val acc [(1000, 0.624)])
JEV [03:16:10] sst5 lae_ovr_scratch: model lae_ovr_scratch_3 done (8.6 min so far; val acc [(1000, 0.619)])
JEV [03:18:21] sst5 lae_ovr_scratch: model lae_ovr_scratch_4 done (10.8 min so far; val acc [(1000, 0.777)])
JEV [03:18:21] RESULT {"task": "sst5", "type": "score", "K": 5, "arm": "lae_ovr_scratch", "seq": 48, "test": {"n": 2000, "acc": 0.3975, "ece": 0.0427, "nll": 1.4036, "brier": 0.7189, "acc_at_50cov": 0.454, "temperature": 419.6784, "mae": 0.9076}, "dev_acc": 0.373, "info": {"train_minutes": 10.8, "models": 5, "steps_per_model": 1000, "val_acc_last": [[[1000, 0.783]], [[1000, 0.656]], [[1000, 0.624]], [[1000, 0.619]], [[1000, 0.777]]], "latency_ms_1thread_fastlae": 2.8945, "latency_note": "fastlae interpreter, 1 text, all K models; fastgen (compiled) is ~12x faster"}}
JEV [03:18:24] sst2: choice K=2 train 20000 dev 1000 test 872 seq 48
JEV [03:18:24] sst2 bert_pair: start
JEV [03:20:08] RESULT {"task": "sst2", "type": "choice", "K": 2, "arm": "bert_pair", "seq": 48, "test": {"n": 872, "acc": 0.7982, "ece": 0.0773, "nll": 0.4919, "brier": 0.3093, "acc_at_50cov": 0.9037, "temperature": 2.5483}, "dev_acc": 0.892, "info": {"epoch": 1, "epochs": 3, "train_minutes": 1.7, "latency_ms_1thread": 0.599}}
JEV [03:20:08] sst2 bert_head: start
JEV [03:20:56] RESULT {"task": "sst2", "type": "choice", "K": 2, "arm": "bert_head", "seq": 48, "test": {"n": 872, "acc": 0.8028, "ece": 0.0736, "nll": 0.4558, "brier": 0.2928, "acc_at_50cov": 0.9197, "temperature": 1.3019}, "dev_acc": 0.888, "info": {"epoch": 2, "epochs": 3, "train_minutes": 0.8}}
JEV [03:20:56] sst2 lae_ovr_pt_keep: start
JEV [03:23:04] sst2 lae_ovr_pt_keep: model lae_ovr_pt_keep_bin done (2.1 min so far; val acc [(1000, 0.59)])
JEV [03:23:04] RESULT {"task": "sst2", "type": "choice", "K": 2, "arm": "lae_ovr_pt_keep", "seq": 48, "test": {"n": 872, "acc": 0.5287, "ece": 0.1537, "nll": 0.7158, "brier": 0.5188, "acc_at_50cov": 0.617, "temperature": 92.6119}, "dev_acc": 0.603, "info": {"train_minutes": 2.1, "models": 1, "steps_per_model": 1000, "val_acc_last": [[[1000, 0.59]]], "latency_ms_1thread_fastlae": 0.5794, "latency_note": "fastlae interpreter, 1 text, all K models; fastgen (compiled) is ~12x faster"}}
JEV [03:23:04] sst2 lae_ovr_scratch: start
JEV [03:25:18] sst2 lae_ovr_scratch: model lae_ovr_scratch_bin done (2.2 min so far; val acc [(1000, 0.82)])
JEV [03:25:19] RESULT {"task": "sst2", "type": "choice", "K": 2, "arm": "lae_ovr_scratch", "seq": 48, "test": {"n": 872, "acc": 0.7683, "ece": 0.0844, "nll": 0.5654, "brier": 0.343, "acc_at_50cov": 0.8601, "temperature": 102.4275}, "dev_acc": 0.82, "info": {"train_minutes": 2.2, "models": 1, "steps_per_model": 1000, "val_acc_last": [[[1000, 0.82]]], "latency_ms_1thread_fastlae": 0.5878, "latency_note": "fastlae interpreter, 1 text, all K models; fastgen (compiled) is ~12x faster"}}
JEV [03:25:22] jailbreak: noul K=2 train 836 dev 208 test 262 seq 64
JEV [03:25:22] jailbreak bert_pair: start
JEV [03:25:31] RESULT {"task": "jailbreak", "type": "noul", "K": 2, "arm": "bert_pair", "seq": 64, "test": {"n": 262, "acc": 0.9656, "ece": 0.0315, "nll": 0.0909, "brier": 0.054, "acc_at_50cov": 1.0, "temperature": 1.3924}, "dev_acc": 0.976, "info": {"epoch": 5, "epochs": 8, "train_minutes": 0.1, "latency_ms_1thread": 1.023}}
JEV [03:25:31] jailbreak bert_head: start
JEV [03:25:39] RESULT {"task": "jailbreak", "type": "noul", "K": 2, "arm": "bert_head", "seq": 64, "test": {"n": 262, "acc": 0.9695, "ece": 0.0229, "nll": 0.108, "brier": 0.0618, "acc_at_50cov": 1.0, "temperature": 0.8701}, "dev_acc": 0.9712, "info": {"epoch": 2, "epochs": 8, "train_minutes": 0.1}}
JEV [03:25:39] jailbreak lae_ovr_pt_keep: start
JEV [03:28:37] jailbreak lae_ovr_pt_keep: model lae_ovr_pt_keep_bin done (3.0 min so far; val acc [(1000, 0.9038462)])
JEV [03:28:37] RESULT {"task": "jailbreak", "type": "noul", "K": 2, "arm": "lae_ovr_pt_keep", "seq": 64, "test": {"n": 262, "acc": 0.9198, "ece": 0.0488, "nll": 0.2464, "brier": 0.1372, "acc_at_50cov": 0.9924, "temperature": 169.4988}, "dev_acc": 0.9183, "info": {"train_minutes": 3.0, "models": 1, "steps_per_model": 1000, "val_acc_last": [[[1000, 0.9038462]]], "latency_ms_1thread_fastlae": 0.613, "latency_note": "fastlae interpreter, 1 text, all K models; fastgen (compiled) is ~12x faster"}}
JEV [03:28:37] jailbreak lae_ovr_scratch: start
JEV [03:31:34] jailbreak lae_ovr_scratch: model lae_ovr_scratch_bin done (3.0 min so far; val acc [(1000, 0.9423077)])
JEV [03:31:34] RESULT {"task": "jailbreak", "type": "noul", "K": 2, "arm": "lae_ovr_scratch", "seq": 64, "test": {"n": 262, "acc": 0.9427, "ece": 0.021, "nll": 0.1658, "brier": 0.0872, "acc_at_50cov": 0.9924, "temperature": 331.7671}, "dev_acc": 0.9423, "info": {"train_minutes": 3.0, "models": 1, "steps_per_model": 1000, "val_acc_last": [[[1000, 0.9423077]]], "latency_ms_1thread_fastlae": 0.6371, "latency_note": "fastlae interpreter, 1 text, all K models; fastgen (compiled) is ~12x faster"}}
JEV [03:31:34] done
